...............                                                          [100%]
15 passed in 0.07s
